<!-- content start -->
    <div class="section" id="php-class-with-constants">
            <h1>PHP class with constants</h1>
            <dl class="php class">
    <dt class="sig sig-object php" id="secretsociety-enigmaticclass">
        <em class="property"><span class="pre">class</span> </em>
            <span class="sig-prename descclassname"><span class="pre">\SecretSociety\</span></span>
<span class="sig-name descname"><span class="pre">EnigmaticClass</span></span> <a class="headerlink" href="#secretsociety-enigmaticclass" title="Permalink to this definition">¶</a>
    </dt>
    <dd>

    <p>Unveiling the mysteries of constants!</p>
<dl class="php const">
    <dt class="sig sig-object php" id="secretsociety-enigmaticclass-pi">
        <span class="sig-name modifier"><span class="pre">public</span></span> <span class="pre">double</span> <em class="property"><span class="pre">const</span></em>
        <span class="sig-name descname"><span class="pre">PI</span></span>
         <a class="headerlink" href="#secretsociety-enigmaticclass-pi" title="Permalink to this definition">¶</a>
    </dt>
    <dd>
    <p>The eternal symbol representing the ratio of a circle&#039;s circumference
to its diameter. Also used as the secret handshake among mathematicians.</p>
</dd>
</dl><dl class="php const">
    <dt class="sig sig-object php" id="secretsociety-enigmaticclass-secret-number">
        <span class="sig-name modifier"><span class="pre">protected</span></span> <span class="pre">int</span> <em class="property"><span class="pre">const</span></em>
        <span class="sig-name descname"><span class="pre">SECRET_NUMBER</span></span>
         <a class="headerlink" href="#secretsociety-enigmaticclass-secret-number" title="Permalink to this definition">¶</a>
    </dt>
    <dd>
    <p>This constant holds the secret number known only to members of the
EnigmaticClass. Rumor has it, it&#039;s the combination to the ultimate
treasure chest.</p>
</dd>
</dl><dl class="php const">
    <dt class="sig sig-object php" id="secretsociety-enigmaticclass-eternal-flame">
        <span class="sig-name modifier"><span class="pre">private</span></span> <span class="pre">string</span> <em class="property"><span class="pre">const</span></em>
        <span class="sig-name descname"><span class="pre">ETERNAL_FLAME</span></span>
         <a class="headerlink" href="#secretsociety-enigmaticclass-eternal-flame" title="Permalink to this definition">¶</a>
    </dt>
    <dd>
    <p>The eternal flame, kept alight by the power of mystical constants. Its
warmth is known only to those who dare to delve into the deepest realms
of code and cryptography.</p>
</dd>
</dl>
    </dd>
</dl>
    </div>
<!-- content end -->
