<!-- content start -->
    <div class="section" id="php-trait">
            <h1>PHP Trait</h1>
            <dl class="php trait">
    <dt class="sig sig-object php" id="typo3-cms-core-context-contextawaretrait">
        <em class="property"><span class="pre">trait</span> </em>
        <span class="sig-name descname">
    <span class="pre fqn" data-namespace="\TYPO3\CMS\Core\Context" title="\TYPO3\CMS\Core\Context\ContextAwareTrait">
        ContextAwareTrait
    </span>
</span> <a class="headerlink" href="#typo3-cms-core-context-contextawaretrait" title="Permalink to this definition">¶</a>
    </dt>
    <dd>
                    <dl class="field-list simple">
                                    <dt class="field-even">Fully qualified name</dt>
                    <dd class="field-even">
                                                <span class="pre">\TYPO3\CMS\Core\Context\TYPO3\CMS\Core\Context</span>                    </dd>
                </dl>
        <dl class="php const">
    <dt class="sig sig-object php" id="typo3-cms-core-context-contextawaretrait-flag-1">
        <span class="sig-name modifier"><span class="pre">public</span></span> <em class="property"><span class="pre">const</span></em>
        <span class="sig-name descname"><span class="pre">FLAG_1</span></span>
         <a class="headerlink" href="#typo3-cms-core-context-contextawaretrait-flag-1" title="Permalink to this definition">¶</a>
    </dt>
    <dd></dd>
</dl><dl class="php method">
    <dt class="sig sig-object php" id="typo3-cms-core-context-contextawaretrait-setcontext">
<span class="sig-name descname"><span class="pre">setContext</span></span>
<span class="sig-paren">(</span>
<em class="sig-param"><span class="pre">Context $context</span></em><span class="sig-paren">)</span>
 <a class="headerlink" href="#typo3-cms-core-context-contextawaretrait-setcontext" title="Permalink to this definition">¶</a>
    </dt>
    <dd>

        </dd>
</dl><dl class="php method">
    <dt class="sig sig-object php" id="typo3-cms-core-context-contextawaretrait-getcontext">
<span class="sig-name descname"><span class="pre">getContext</span></span>
<span class="sig-paren">(</span>
<span class="sig-paren">)</span>
 <a class="headerlink" href="#typo3-cms-core-context-contextawaretrait-getcontext" title="Permalink to this definition">¶</a>
    </dt>
    <dd>

        </dd>
</dl>
    </dd>
</dl>
    </div>
<!-- content end -->
