<!-- content start -->
    <div class="section" id="php-enum-with-const">
            <h1>PHP Enum with Const</h1>
            <dl class="php enum">
    <dt class="sig sig-object php" id="suit">
        <em class="property"><span class="pre">enum</span> </em>
        <span class="sig-name descname">
    <span class="pre fqn">Suit</span>
</span> <a class="headerlink" href="#suit" title="Permalink to this definition">¶</a>
    </dt>
    <dd>

    <p>In playing cards, a suit is one of the categories into which the
cards of a deck are divided.</p>
<dl class="php case">
    <dt class="sig sig-object php" id="suit-hearts">
        <em class="property"><span class="pre">case</span></em>
        <span class="sig-name descname"><span class="pre">Hearts</span></span> :  <a class="headerlink" href="#suit-hearts" title="Permalink to this definition">¶</a>
    </dt>
    <dd>
    <p>Hearts is one of the four suits in playing cards. It is red
just like <a href="/index.html#suit-diamonds">Suit::Diamonds</a>.</p>
</dd>
</dl><dl class="php case">
    <dt class="sig sig-object php" id="suit-diamonds">
        <em class="property"><span class="pre">case</span></em>
        <span class="sig-name descname"><span class="pre">Diamonds</span></span> :  <a class="headerlink" href="#suit-diamonds" title="Permalink to this definition">¶</a>
    </dt>
    <dd>
    <p>Diamonds is one of the four suits in playing cards.</p>
</dd>
</dl><dl class="php case">
    <dt class="sig sig-object php" id="suit-clubs">
        <em class="property"><span class="pre">case</span></em>
        <span class="sig-name descname"><span class="pre">Clubs</span></span> :  <a class="headerlink" href="#suit-clubs" title="Permalink to this definition">¶</a>
    </dt>
    <dd>
    <p>Clubs is one of the four suits in playing cards.</p>
</dd>
</dl><dl class="php case">
    <dt class="sig sig-object php" id="suit-spades">
        <em class="property"><span class="pre">case</span></em>
        <span class="sig-name descname"><span class="pre">Spades</span></span> :  <a class="headerlink" href="#suit-spades" title="Permalink to this definition">¶</a>
    </dt>
    <dd>
    <p>Spades is one of the four suits in playing cards.</p>
</dd>
</dl>
    </dd>
</dl>

    <p><a href="/index.html#suit-spades">Spades</a> counts 12 points in Skat.</p>

    </div>
<!-- content end -->
