<!-- content start -->
    <div class="section" id="php-class-with-explicit-namespace">
            <h1>PHP Class with explicit namespace</h1>
            <dl class="php class">
    <dt class="sig sig-object php" id="typo3-cms-core-test">
        <em class="property"><span class="pre">class</span> </em>
        <span class="sig-name descname">
    <span class="pre fqn" data-namespace="\TYPO3\CMS\Core" title="\TYPO3\CMS\Core\Test">
        Test
    </span>
</span> <a class="headerlink" href="#typo3-cms-core-test" title="Permalink to this definition">¶</a>
    </dt>
    <dd>
                    <dl class="field-list simple">
                                    <dt class="field-even">Fully qualified name</dt>
                    <dd class="field-even">
                                                <span class="pre">\TYPO3\CMS\Core\TYPO3\CMS\Core</span>                    </dd>
                </dl>

    <p>Lorem Ipsum Dolor!</p>
<dl class="php method">
    <dt class="sig sig-object php" id="typo3-cms-core-test-setdate">
<span class="sig-name descname"><span class="pre">setDate</span></span>
<span class="sig-paren">(</span>
<em class="sig-param"><span class="pre">int $year</span></em>, <em class="sig-param"><span class="pre">int $month</span></em>, <em class="sig-param"><span class="pre">int $day</span></em><span class="sig-paren">)</span>
 <a class="headerlink" href="#typo3-cms-core-test-setdate" title="Permalink to this definition">¶</a>
    </dt>
    <dd>

    <p>Set the date.</p>

        </dd>
</dl><dl class="php method">
    <dt class="sig sig-object php" id="typo3-cms-core-test-getdate">
<span class="sig-name descname"><span class="pre">getDate</span></span>
<span class="sig-paren">(</span>
<span class="sig-paren">)</span>
<em class="sig-returns"><span class="pre">: int</span></em>
 <a class="headerlink" href="#typo3-cms-core-test-getdate" title="Permalink to this definition">¶</a>
    </dt>
    <dd>

    <p>Get the date.</p>

        </dd>
</dl>
    </dd>
</dl>

    <p>See also <a href="/index.html#typo3-cms-core-test">\TYPO3\CMS\Core\Test</a>.</p>

    </div>
<!-- content end -->
