<!-- content start -->
    <div class="section" id="php-global-variable">
            <h1>PHP Global Variable</h1>
            <dl class="php global">
    <dt class="sig sig-object php"
        id="globals-tca">
        <em class="property"><span class="pre">global</span> </em>
        <span class="pre">$GLOBALS[&#039;TCA&#039;]</span>
        <a class="headerlink" href="#globals-tca" title="Permalink to this definition">Â¶</a>    </dt>
    <dd>

    <p>Contains the TYPO3 Configuration Array</p>

    </dd>
</dl>

    <p>See also <a href="/index.html#globals-tca">$GLOBALS[&#039;TCA&#039;]</a>.</p>

    </div>
<!-- content end -->
