<!-- content start -->
    <div class="section" id="php-class">
            <h1>PHP Class</h1>
            <dl class="php class">
    <dt class="sig sig-object php" id="testclass">
        <em class="property"><span class="pre">class</span> </em>
        <span class="sig-name descname"><span class="pre">TestClass</span></span> <a class="headerlink" href="#testclass" title="Permalink to this definition">Â¶</a>
    </dt>
    <dd>

    <p>Lorem Ipsum Dolor!</p>

    </dd>
</dl>
    </div>
<!-- content end -->
