<!-- content start -->
    <div class="section" id="php-methods-with-return-value">
            <h1>PHP methods with return value</h1>
            <dl class="php method">
    <dt class="sig sig-object php" id="getsomething">
<span class="sig-name descname"><span class="pre">getSomething</span></span>
<span class="sig-paren">(</span>
<span class="sig-paren">)</span>
 <a class="headerlink" href="#getsomething" title="Permalink to this definition">Â¶</a>
    </dt>
    <dd>

    <p>Lorem Ipsum</p>

                    <dl class="field-list simple">
                <dt class="field-even">Returns:</dt>
                <dd class="field-even">
                    Something not specified...
                </dd>
            </dl>
        </dd>
</dl>
    </div>
<!-- content end -->
