<!-- content start -->
    <div class="section" id="abstract-class">
            <h1>abstract class</h1>
            <dl class="php class">
    <dt class="sig sig-object php" id="typo3-cms-core-abstracttest">
        <span class="sig-name modifier"><span class="pre">abstract</span></span> <em class="property"><span class="pre">class</span> </em>
        <span class="sig-name descname">
    <span class="pre fqn" data-namespace="\TYPO3\CMS\Core" title="\TYPO3\CMS\Core\AbstractTest">
        AbstractTest
    </span>
</span> <a class="headerlink" href="#typo3-cms-core-abstracttest" title="Permalink to this definition">Â¶</a>
    </dt>
    <dd>
                    <dl class="field-list simple">
                                    <dt class="field-even">Fully qualified name</dt>
                    <dd class="field-even">
                                                <span class="pre">\TYPO3\CMS\Core\TYPO3\CMS\Core</span>                    </dd>
                </dl>

    <p>Lorem Ipsum Dolor!</p>

    </dd>
</dl>
    </div>
<!-- content end -->
