<!-- content start -->
    <div class="section" id="final-class">
    <h1>final class</h1>

            <dl class="php class">
    <dt class="sig sig-object php"
        id="typo3-cms-core-test">
        <span class="sig-name modifier"><span class="pre">final</span></span>
 <em class="property"><span class="pre">class</span> </em>
            <span class="sig-prename descclassname"><span class="pre">\TYPO3\CMS\Core\</span></span>
<span class="sig-name descname"><span class="pre">Test</span></span>
</dt>
    <dd>
        <p>Lorem Ipsum Dolor!</p>
    </dd>
</dl>

    </div>

<!-- content end -->
