<!-- content start -->
    <div class="section" id="php-enum-without-namespace-from-directive">
            <h1>PHP Enum without namespace from directive</h1>
            <dl class="php enum">
    <dt class="sig sig-object php" id="someenum">
        <em class="property"><span class="pre">enum</span> </em>
        <span class="sig-name descname">
    <span class="pre fqn"title="SomeEnum">
        SomeEnum
    </span>
</span> <a class="headerlink" href="#someenum" title="Permalink to this definition">¶</a>
    </dt>
    <dd>

    <p>some stuff</p>

    </dd>
</dl>
            <dl class="php enum">
    <dt class="sig sig-object php" id="anotherenum">
        <em class="property"><span class="pre">enum</span> </em>
        <span class="sig-name descname">
    <span class="pre fqn"title="AnotherEnum">
        AnotherEnum
    </span>
</span> <a class="headerlink" href="#anotherenum" title="Permalink to this definition">¶</a>
    </dt>
    <dd>

    <p>another stuff</p>

    </dd>
</dl>
    </div>
<!-- content end -->
