<!-- content start -->
    <div class="section" id="php-enum-with-const">
    <h1>PHP Enum with Const</h1>

            <dl class="php enum">
    <dt class="sig sig-object php"
        id="suit">
        <em class="property"><span class="pre">enum</span> </em>
        <span class="sig-name descname"><span class="pre">Suit</span></span>

    </dt>
    <dd>
        <p>In playing cards, a suit is one of the categories into which the
cards of a deck are divided.</p><dl class="php case">
    <dt class="sig sig-object php" id="hearts">
        <em class="property"><span class="pre">case</span></em>
        <span class="sig-name descname"><span class="pre">Hearts</span></span>
 : </dt>
    <dd><p>Hearts is one of the four suits in playing cards.</p></dd>
</dl>
<dl class="php case">
    <dt class="sig sig-object php" id="diamonds">
        <em class="property"><span class="pre">case</span></em>
        <span class="sig-name descname"><span class="pre">Diamonds</span></span>
 : </dt>
    <dd><p>Diamonds is one of the four suits in playing cards.</p></dd>
</dl>
<dl class="php case">
    <dt class="sig sig-object php" id="clubs">
        <em class="property"><span class="pre">case</span></em>
        <span class="sig-name descname"><span class="pre">Clubs</span></span>
 : </dt>
    <dd><p>Clubs is one of the four suits in playing cards.</p></dd>
</dl>
<dl class="php case">
    <dt class="sig sig-object php" id="spades">
        <em class="property"><span class="pre">case</span></em>
        <span class="sig-name descname"><span class="pre">Spades</span></span>
 : </dt>
    <dd><p>Spades is one of the four suits in playing cards.</p></dd>
</dl>

    </dd>
</dl>

    </div>

<!-- content end -->
