<!-- content start -->
    <div class="section" id="php-class-with-properties">
            <h1>PHP class with properties</h1>
            <dl class="php class">
    <dt class="sig sig-object php" id="jollyelf">
        <em class="property"><span class="pre">class</span> </em>
        <span class="sig-name descname"><span class="pre">JollyElf</span></span> <a class="headerlink" href="#jollyelf" title="Permalink to this definition">¶</a>
    </dt>
    <dd>

    <p>Welcome to the magical workshop of JollyElves, spreading cheer and joy!</p>
<dl class="php property">
    <dt class="sig sig-object php" id="jollyelf-festivehatcolor">
        <span class="sig-name modifier"><span class="pre">public</span></span> <span class="pre">string</span> <span class="sig-name descname"><span class="pre">$festiveHatColor</span></span>
         <a class="headerlink" href="#jollyelf-festivehatcolor" title="Permalink to this definition">¶</a>
    </dt>
    <dd>
    <p>The color of the elf&#039;s festive hat, radiating holiday spirit.</p>
</dd>
</dl><dl class="php property">
    <dt class="sig sig-object php" id="jollyelf-giftcount">
        <span class="sig-name modifier"><span class="pre">protected</span></span> <span class="pre">int</span> <span class="sig-name descname"><span class="pre">$giftCount</span></span>
         <a class="headerlink" href="#jollyelf-giftcount" title="Permalink to this definition">¶</a>
    </dt>
    <dd>
    <p>The count of gifts wrapped by the JollyElf, a closely guarded secret.</p>
</dd>
</dl><dl class="php property">
    <dt class="sig sig-object php" id="jollyelf-sleighbelljingle">
        <span class="sig-name modifier"><span class="pre">private</span></span> <span class="pre">bool</span> <span class="sig-name descname"><span class="pre">$sleighBellJingle</span></span>
         <a class="headerlink" href="#jollyelf-sleighbelljingle" title="Permalink to this definition">¶</a>
    </dt>
    <dd>
    <p>Whether the sleigh bells on the elf&#039;s shoes are jingling merrily.</p>
</dd>
</dl><dl class="php property">
    <dt class="sig sig-object php" id="jollyelf-totalgiftswrapped">
        <span class="sig-name modifier"><span class="pre">static</span></span> <span class="pre">int</span> <span class="sig-name descname"><span class="pre">$totalGiftsWrapped</span></span>
         <a class="headerlink" href="#jollyelf-totalgiftswrapped" title="Permalink to this definition">¶</a>
    </dt>
    <dd>
    <p>The total count of gifts wrapped by all JollyElves in the workshop.</p>
</dd>
</dl><dl class="php property">
    <dt class="sig sig-object php" id="jollyelf-entryyear">
        <span class="sig-name modifier"><span class="pre">private</span></span> <span class="sig-name modifier"><span class="pre">readonly</span></span> <span class="pre">int</span> <span class="sig-name descname"><span class="pre">$entryYear</span></span>
         <a class="headerlink" href="#jollyelf-entryyear" title="Permalink to this definition">¶</a>
    </dt>
    <dd>
    <p>The year the JollyElf joyfully joined the festive workshop.</p>
</dd>
</dl>
    </dd>
</dl>
    </div>
<!-- content end -->
