<!-- content start -->
    <div class="section" id="class-listed-twice-throws-warning">
            <h1>class listed twice throws warning</h1>
            <dl class="php class">
    <dt class="sig sig-object php" id="typo3-cms-core-test">
        <em class="property"><span class="pre">class</span> </em>
        <span class="sig-name descname">
    <span class="pre fqn" data-namespace="\TYPO3\CMS\Core" title="\TYPO3\CMS\Core\Test">
        Test
    </span>
</span> <a class="headerlink" href="#typo3-cms-core-test" title="Permalink to this definition">Â¶</a>
    </dt>
    <dd>
                    <dl class="field-list simple">
                                    <dt class="field-even">Fully qualified name</dt>
                    <dd class="field-even">
                                                <span class="pre">\TYPO3\CMS\Core\TYPO3\CMS\Core</span>                    </dd>
                </dl>

    <p>Lorem Ipsum Dolor!</p>

    </dd>
</dl>
            <div class="toc">
    <ul class="menu-level">
    <li class="toc-item">
    <a href="/page2.html#class-listed-twice-throws-warning">class listed twice throws warning</a>


</li>
    </ul>
</div>
    </div>
<!-- content end -->
