<!-- content start -->
    <div class="section" id="php-class-with-constants">
            <h1>PHP class with constants</h1>
            <dl class="php class">
    <dt class="sig sig-object php" id="secretsociety-enigmaticclass">
        <em class="property"><span class="pre">class</span> </em>
        <span class="sig-name descname">
    <span class="pre fqn" data-fqn="\SecretSociety\SecretSociety" title="\SecretSociety\SecretSociety">EnigmaticClass</span>
</span> <a class="headerlink" href="#secretsociety-enigmaticclass" title="Permalink to this definition">¶</a>
    </dt>
    <dd>
                    <dl class="field-list simple">
                                    <dt class="field-even">Fully qualified name</dt>
                    <dd class="field-even">
                        <span class="pre">\SecretSociety\SecretSociety</span>                    </dd>
                </dl>

    <p>Unveiling the mysteries of constants!</p>
<dl class="php const">
    <dt class="sig sig-object php" id="secretsociety-enigmaticclass-pi">
        <span class="sig-name modifier"><span class="pre">public</span></span> <em class="property"><span class="pre">const</span></em>
        <span class="sig-name descname"><span class="pre">PI</span></span>
         <a class="headerlink" href="#secretsociety-enigmaticclass-pi" title="Permalink to this definition">¶</a>
    </dt>
    <dd>
    <p>The eternal symbol representing the ratio of a circle&#039;s circumference
to its diameter. Also used as the secret handshake among mathematicians.</p>
</dd>
</dl><dl class="php const">
    <dt class="sig sig-object php" id="secretsociety-enigmaticclass-secret-number">
        <span class="sig-name modifier"><span class="pre">protected</span></span> <em class="property"><span class="pre">const</span></em>
        <span class="sig-name descname"><span class="pre">SECRET_NUMBER</span></span>
         <a class="headerlink" href="#secretsociety-enigmaticclass-secret-number" title="Permalink to this definition">¶</a>
    </dt>
    <dd>
    <p>This constant holds the secret number known only to members of the
EnigmaticClass. Rumor has it, it&#039;s the combination to the ultimate
treasure chest.</p>
</dd>
</dl><dl class="php const">
    <dt class="sig sig-object php" id="secretsociety-enigmaticclass-eternal-flame">
        <span class="sig-name modifier"><span class="pre">private</span></span> <em class="property"><span class="pre">const</span></em>
        <span class="sig-name descname"><span class="pre">ETERNAL_FLAME</span></span>
         <a class="headerlink" href="#secretsociety-enigmaticclass-eternal-flame" title="Permalink to this definition">¶</a>
    </dt>
    <dd>
    <p>The eternal flame, kept alight by the power of mystical constants. Its
warmth is known only to those who dare to delve into the deepest realms
of code and cryptography.</p>
</dd>
</dl>
    </dd>
</dl>

    <p>See also <a href="/index.html#secretsociety-enigmaticclass-pi">SecretSociety\EnigmaticClass\PI</a> or
<a href="/index.html#secretsociety-enigmaticclass-secret-number">\SecretSociety\EnigmaticClass-&gt;SECRET_NUMBER</a>.</p>

    </div>
<!-- content end -->
