<!-- content start -->
    <div class="section" id="php-enum-with-current-namespace-from-directive">
            <h1>PHP Enum with current namespace from directive</h1>
            <dl class="php enum">
    <dt class="sig sig-object php" id="myvendor-myextension-someenum">
        <em class="property"><span class="pre">enum</span> </em>
        <span class="sig-name descname">
    <span class="pre fqn" data-namespace="\MyVendor\MyExtension" title="\MyVendor\MyExtension\SomeEnum">
        SomeEnum
    </span>
</span> <a class="headerlink" href="#myvendor-myextension-someenum" title="Permalink to this definition">¶</a>
    </dt>
    <dd>
                    <dl class="field-list simple">
                                    <dt class="field-even">Fully qualified name</dt>
                    <dd class="field-even">
                                                <span class="pre">\MyVendor\MyExtension\MyVendor\MyExtension</span>                    </dd>
                </dl>

    <p>some stuff</p>

    </dd>
</dl>
            <dl class="php enum">
    <dt class="sig sig-object php" id="myvendor-myextension-anotherenum">
        <em class="property"><span class="pre">enum</span> </em>
        <span class="sig-name descname">
    <span class="pre fqn" data-namespace="\MyVendor\MyExtension" title="\MyVendor\MyExtension\AnotherEnum">
        AnotherEnum
    </span>
</span> <a class="headerlink" href="#myvendor-myextension-anotherenum" title="Permalink to this definition">¶</a>
    </dt>
    <dd>
                    <dl class="field-list simple">
                                    <dt class="field-even">Fully qualified name</dt>
                    <dd class="field-even">
                                                <span class="pre">\MyVendor\MyExtension\MyVendor\MyExtension</span>                    </dd>
                </dl>

    <p>another stuff</p>

    </dd>
</dl>
    </div>
<!-- content end -->
