<!-- content start -->
    <div class="section" id="php-method-with-allowed-modifier-combinations">
    <h1>PHP method with allowed modifier combinations</h1>

            <dl class="php method">
    <dt class="sig sig-object php" id="dosomething1"><span class="sig-name modifier"><span class="pre">abstract</span></span>
 <span class="sig-name modifier"><span class="pre">final</span></span>
 <span class="sig-name modifier"><span class="pre">final</span></span>

<span class="sig-name descname"><span class="pre">doSomething1</span></span>
<span class="sig-paren">(</span>
<em class="sig-param"><span class="pre">string $whatever</span></em><span class="sig-paren">)</span>
<em class="sig-returns"><span class="pre">: string</span></em>
</dt>
    <dd>
        <p>Do something</p>
    </dd>
</dl>

            <dl class="php method">
    <dt class="sig sig-object php" id="dosomething2"><span class="sig-name modifier"><span class="pre">public</span></span>
 <span class="sig-name modifier"><span class="pre">protected</span></span>

<span class="sig-name descname"><span class="pre">doSomething2</span></span>
<span class="sig-paren">(</span>
<em class="sig-param"><span class="pre">string $whatever</span></em><span class="sig-paren">)</span>
<em class="sig-returns"><span class="pre">: string</span></em>
</dt>
    <dd>
        <p>Do something</p>
    </dd>
</dl>

            <dl class="php method">
    <dt class="sig sig-object php" id="dosomething3"><span class="sig-name modifier"><span class="pre">public</span></span>
 <span class="sig-name modifier"><span class="pre">private</span></span>

<span class="sig-name descname"><span class="pre">doSomething3</span></span>
<span class="sig-paren">(</span>
<em class="sig-param"><span class="pre">string $whatever</span></em><span class="sig-paren">)</span>
<em class="sig-returns"><span class="pre">: string</span></em>
</dt>
    <dd>
        <p>Do something</p>
    </dd>
</dl>

            <dl class="php method">
    <dt class="sig sig-object php" id="dosomething4"><span class="sig-name modifier"><span class="pre">protected</span></span>
 <span class="sig-name modifier"><span class="pre">private</span></span>

<span class="sig-name descname"><span class="pre">doSomething4</span></span>
<span class="sig-paren">(</span>
<em class="sig-param"><span class="pre">string $whatever</span></em><span class="sig-paren">)</span>
<em class="sig-returns"><span class="pre">: string</span></em>
</dt>
    <dd>
        <p>Do something</p>
    </dd>
</dl>

            <dl class="php method">
    <dt class="sig sig-object php" id="dosomething5"><span class="sig-name modifier"><span class="pre">abstract</span></span>
 <span class="sig-name modifier"><span class="pre">private</span></span>

<span class="sig-name descname"><span class="pre">doSomething5</span></span>
<span class="sig-paren">(</span>
<em class="sig-param"><span class="pre">string $whatever</span></em><span class="sig-paren">)</span>
<em class="sig-returns"><span class="pre">: string</span></em>
</dt>
    <dd>
        <p>Do something</p>
    </dd>
</dl>

    </div>

<!-- content end -->
