<!-- content start -->
    <div class="section" id="php-enum-without-namespace-from-directive">
            <h1>PHP Enum without namespace from directive</h1>
            <dl class="php enum">
    <dt class="sig sig-object php" id="myvendor-myextension-someenum">
        <em class="property"><span class="pre">enum</span> </em>
            <span class="sig-prename descclassname"><span class="pre">\MyVendor\MyExtension\</span></span>
<span class="sig-name descname"><span class="pre">SomeEnum</span></span> <a class="headerlink" href="#myvendor-myextension-someenum" title="Permalink to this definition">¶</a>
    </dt>
    <dd>

    <p>some stuff</p>

    </dd>
</dl>
            <dl class="php enum">
    <dt class="sig sig-object php" id="myvendor-myextension-anotherenum">
        <em class="property"><span class="pre">enum</span> </em>
            <span class="sig-prename descclassname"><span class="pre">\MyVendor\MyExtension\</span></span>
<span class="sig-name descname"><span class="pre">AnotherEnum</span></span> <a class="headerlink" href="#myvendor-myextension-anotherenum" title="Permalink to this definition">¶</a>
    </dt>
    <dd>

    <p>another stuff</p>

    </dd>
</dl>
    </div>
<!-- content end -->
