<!-- content start -->
    <div class="section" id="php-static-method">
            <h1>PHP static method</h1>

            <dl class="php method">
    <dt class="sig sig-object php" id="dosomething"><span class="sig-name modifier"><span class="pre">static</span></span>

<span class="sig-name descname"><span class="pre">doSomething</span></span>
<span class="sig-paren">(</span>
<em class="sig-param"><span class="pre">string $whatever</span></em><span class="sig-paren">)</span>
<em class="sig-returns"><span class="pre">: string</span></em>
<a class="headerlink" href="#dosomething" title="Permalink to this definition">Â¶</a>
    </dt>
    <dd>
        <p>Do something</p>
        </dd>
</dl>

    </div>

<!-- content end -->
