<!-- content start -->
    <div class="section" id="php-class-with-static-method">
            <h1>PHP Class with static method</h1>
            <dl class="php class">
    <dt class="sig sig-object php" id="typo3-cms-core-test">
        <em class="property"><span class="pre">class</span> </em>
            <span class="sig-prename descclassname"><span class="pre">\TYPO3\CMS\Core\</span></span>
<span class="sig-name descname"><span class="pre">Test</span></span> <a class="headerlink" href="#typo3-cms-core-test" title="Permalink to this definition">¶</a>
    </dt>
    <dd>

    <p>Lorem Ipsum Dolor!</p>
<dl class="php method">
    <dt class="sig sig-object php" id="typo3-cms-core-test-dosomething"><span class="sig-name modifier"><span class="pre">static</span></span>
<span class="sig-name descname"><span class="pre">doSomething</span></span>
<span class="sig-paren">(</span>
<em class="sig-param"><span class="pre">string $whatever</span></em><span class="sig-paren">)</span>
<em class="sig-returns"><span class="pre">: string</span></em>
 <a class="headerlink" href="#typo3-cms-core-test-dosomething" title="Permalink to this definition">¶</a>
    </dt>
    <dd>

    <p>Do something</p>

        </dd>
</dl>
    </dd>
</dl>
    </div>
<!-- content end -->
